---
source: crates/nestweaver-resolver/src/resolve.rs
expression: "sorted_edges(files, Language::JavaScript)"
---
- source_uid: "sym:repo:test:snapshot:27653c212e1c:0d6e4079e367:5"
  target_uid: "sym:repo:test:snapshot:85b18f65b01c:39e84ff3a0b6:1"
  edge_type: Calls
  confidence: 0.9
  link_type: ~
  evidence:
    - kind: import_resolved
      weight: 0.9
- source_uid: "sym:repo:test:snapshot:27653c212e1c:0d6e4079e367:5"
  target_uid: "sym:repo:test:snapshot:85b18f65b01c:39e84ff3a0b6:1"
  edge_type: Imports
  confidence: 0.9
  link_type: ~
  evidence:
    - kind: structural
      weight: 0.9
- source_uid: "sym:repo:test:snapshot:27653c212e1c:0d6e4079e367:5"
  target_uid: "unresolved:missingFn"
  edge_type: Calls
  confidence: 0
  link_type: ~
  evidence:
    - kind: unresolved
      weight: 0
