---
source: crates/nestweaver-parser/src/parse.rs
assertion_line: 4363
expression: "parsed_references(\"simple.ps1\", &source)"
---
- name: Import-Module
  kind: Call
  start_line: 1
  context: Import-Module ActiveDirectory
  receiver: ~
- name: ".\\helpers.ps1"
  kind: Call
  start_line: 2
  context: ". .\\helpers.ps1"
  receiver: ~
- name: Write-Host
  kind: Call
  start_line: 30
  context: "Write-Host \"Initializing sensor: $($Config.Name)\""
  receiver: ~
- name: Set-Threshold
  kind: Call
  start_line: 31
  context: Set-Threshold -Value $Config.Threshold
  receiver: ~
- name: Get-WmiObject
  kind: Call
  start_line: 39
  context: Get-WmiObject -Class Win32_Sensor
  receiver: ~
- name: Where-Object
  kind: Call
  start_line: 40
  context: "$data | Where-Object { $_.Name -eq $SensorName }"
  receiver: ~
- name: Initialize-Sensor
  kind: Call
  start_line: 51
  context: Initialize-Sensor -Config $config
  receiver: ~
- name: Get-SensorData
  kind: Call
  start_line: 52
  context: "Get-SensorData -SensorName \"temp-1\""
  receiver: ~
- name: Write-Output
  kind: Call
  start_line: 53
  context: Write-Output $data
  receiver: ~
- name: Main
  kind: Call
  start_line: 56
  context: Main
  receiver: ~
