---
source: crates/nestweaver-parser/src/parse.rs
expression: "parsed_references(\"simple.js\", &source)"
---
- name: fs
  kind: Import
  start_line: 1
  context: "fs = require('fs')"
- name: require
  kind: Call
  start_line: 1
  context: "fs = require('fs')"
- name: events
  kind: Import
  start_line: 3
  context: "const fs = require('fs');"
- name: name
  kind: ReadAccess
  start_line: 13
  context: this.name = name
- name: name
  kind: ReadAccess
  start_line: 17
  context: "this.name + ' makes a noise.'"
- name: name
  kind: ReadAccess
  start_line: 23
  context: "this.name + ' barks.'"
- name: greet
  kind: Call
  start_line: 28
  context: "greet('world');"
- name: world
  kind: Import
  start_line: 28
  context: "greet('world');"
- name: speak
  kind: Call
  start_line: 29
  context: dog.speak();
- name: speak
  kind: ReadAccess
  start_line: 29
  context: dog.speak()
