---
source: crates/nestweaver-parser/src/parse.rs
expression: "parsed_symbols(\"simple.js\", &source)"
---
- name: fs
  kind: Constant
  start_line: 1
  end_line: 1
  signature: "const fs = require('fs');"
  content_hash: "0000000000000000000000000000000000000000000000000000000000000000"
  is_entry_point: false
  entry_point_kind: ~
  visibility: Private
  type_info: ~
- name: greet
  kind: Function
  start_line: 5
  end_line: 7
  signature: "function greet(name) {"
  content_hash: "0000000000000000000000000000000000000000000000000000000000000000"
  is_entry_point: false
  entry_point_kind: ~
  visibility: Private
  type_info: ~
- name: add
  kind: Function
  start_line: 9
  end_line: 9
  signature: "const add = (a, b) => a + b;"
  content_hash: "0000000000000000000000000000000000000000000000000000000000000000"
  is_entry_point: false
  entry_point_kind: ~
  visibility: Private
  type_info: ~
- name: Animal
  kind: Class
  start_line: 11
  end_line: 19
  signature: "class Animal {"
  content_hash: "0000000000000000000000000000000000000000000000000000000000000000"
  is_entry_point: false
  entry_point_kind: ~
  visibility: Private
  type_info: ~
- name: constructor
  kind: Method
  start_line: 12
  end_line: 14
  signature: "constructor(name) {"
  content_hash: "0000000000000000000000000000000000000000000000000000000000000000"
  is_entry_point: false
  entry_point_kind: ~
  visibility: Private
  type_info: ~
- name: speak
  kind: Method
  start_line: 16
  end_line: 18
  signature: "speak() {"
  content_hash: "0000000000000000000000000000000000000000000000000000000000000000"
  is_entry_point: false
  entry_point_kind: ~
  visibility: Private
  type_info: ~
- name: Dog
  kind: Class
  start_line: 21
  end_line: 25
  signature: "class Dog extends Animal {"
  content_hash: "0000000000000000000000000000000000000000000000000000000000000000"
  is_entry_point: false
  entry_point_kind: ~
  visibility: Private
  type_info: ~
- name: speak
  kind: Method
  start_line: 22
  end_line: 24
  signature: "speak() {"
  content_hash: "0000000000000000000000000000000000000000000000000000000000000000"
  is_entry_point: false
  entry_point_kind: ~
  visibility: Private
  type_info: ~
- name: dog
  kind: Constant
  start_line: 27
  end_line: 27
  signature: "const dog = new Dog('Rex');"
  content_hash: "0000000000000000000000000000000000000000000000000000000000000000"
  is_entry_point: false
  entry_point_kind: ~
  visibility: Private
  type_info: ~
