---
source: crates/nestweaver-parser/src/parse.rs
assertion_line: 4381
expression: "parsed_references(\"simple.groovy\", &source)"
---
- name: groovy.transform.CompileStatic
  kind: Import
  start_line: 1
  context: import groovy.transform.CompileStatic
  receiver: ~
- name: java.util.logging.Logger
  kind: Import
  start_line: 2
  context: import groovy.transform.CompileStatic
  receiver: ~
- name: String
  kind: TypeRef
  start_line: 5
  context: "{"
  receiver: ~
- name: String
  kind: TypeRef
  start_line: 5
  context: (String name)
  receiver: ~
- name: String
  kind: TypeRef
  start_line: 9
  context: (String message)
  receiver: ~
- name: println
  kind: Call
  start_line: 10
  context: println(message)
  receiver: ~
- name: Greeter
  kind: Implements
  start_line: 14
  context: "class SimpleGreeter implements Greeter {"
  receiver: ~
- name: String
  kind: TypeRef
  start_line: 15
  context: "{"
  receiver: ~
- name: String
  kind: TypeRef
  start_line: 17
  context: (String prefix)
  receiver: ~
- name: String
  kind: TypeRef
  start_line: 21
  context: "{"
  receiver: ~
- name: String
  kind: TypeRef
  start_line: 21
  context: (String name)
  receiver: ~
- name: String
  kind: TypeRef
  start_line: 22
  context: "{"
  receiver: ~
- name: formatName
  kind: Call
  start_line: 22
  context: formatted = formatName(name)
  receiver: ~
- name: String
  kind: TypeRef
  start_line: 26
  context: "{"
  receiver: ~
- name: String
  kind: TypeRef
  start_line: 26
  context: (String name)
  receiver: ~
- name: capitalize
  kind: Call
  start_line: 27
  context: return name.capitalize()
  receiver: name
- name: SimpleGreeter
  kind: Extends
  start_line: 31
  context: "class FormalGreeter extends SimpleGreeter {"
  receiver: ~
- name: greet
  kind: Call
  start_line: 43
  context: "(greeter.greet(\"world\"))"
  receiver: greeter
- name: println
  kind: Call
  start_line: 43
  context: "println(greeter.greet(\"world\"))"
  receiver: ~
