---
source: crates/nestweaver-parser/src/parse.rs
expression: "parsed_symbols(\"simple.jl\", &source)"
---
- name: Greetings
  kind: Module
  start_line: 1
  end_line: 1
  signature: module Greetings
  content_hash: "0000000000000000000000000000000000000000000000000000000000000000"
  is_entry_point: false
  entry_point_kind: ~
  visibility: Public
  type_info: ~
  parent_name: ~
- name: LivingThing
  kind: Interface
  start_line: 5
  end_line: 5
  signature: abstract type LivingThing end
  content_hash: "0000000000000000000000000000000000000000000000000000000000000000"
  is_entry_point: false
  entry_point_kind: ~
  visibility: Public
  type_info: ~
  parent_name: ~
- name: Animal
  kind: Class
  start_line: 7
  end_line: 7
  signature: "struct Animal <: LivingThing"
  content_hash: "0000000000000000000000000000000000000000000000000000000000000000"
  is_entry_point: false
  entry_point_kind: ~
  visibility: Public
  type_info: ~
  parent_name: ~
- name: Counter
  kind: Class
  start_line: 12
  end_line: 12
  signature: mutable struct Counter
  content_hash: "0000000000000000000000000000000000000000000000000000000000000000"
  is_entry_point: false
  entry_point_kind: ~
  visibility: Public
  type_info: ~
  parent_name: ~
- name: greet
  kind: Function
  start_line: 16
  end_line: 16
  signature: "function greet(name::String)::String"
  content_hash: "0000000000000000000000000000000000000000000000000000000000000000"
  is_entry_point: false
  entry_point_kind: ~
  visibility: Public
  type_info: ~
  parent_name: ~
- name: process
  kind: Function
  start_line: 20
  end_line: 20
  signature: "function process(items::Vector{Int})"
  content_hash: "0000000000000000000000000000000000000000000000000000000000000000"
  is_entry_point: false
  entry_point_kind: ~
  visibility: Public
  type_info: ~
  parent_name: ~
- name: log_call
  kind: Function
  start_line: 26
  end_line: 26
  signature: macro log_call(expr)
  content_hash: "0000000000000000000000000000000000000000000000000000000000000000"
  is_entry_point: false
  entry_point_kind: ~
  visibility: Public
  type_info: ~
  parent_name: ~
- name: main
  kind: Function
  start_line: 33
  end_line: 33
  signature: function main()
  content_hash: "0000000000000000000000000000000000000000000000000000000000000000"
  is_entry_point: false
  entry_point_kind: ~
  visibility: Public
  type_info: ~
  parent_name: ~
