---
source: crates/nestweaver-parser/src/parse.rs
assertion_line: 6619
expression: "parsed_references(\"simple.f90\", &source)"
---
- name: sqrt
  kind: Call
  start_line: 21
  context: mag = sqrt(v%x**2 + v%y**2 + v%z**2)
  receiver: ~
- name: math_utils
  kind: Import
  start_line: 32
  context: use math_utils
  receiver: ~
- name: Vector3D
  kind: Call
  start_line: 37
  context: "a = Vector3D(1.0, 2.0, 3.0)"
  receiver: ~
- name: Vector3D
  kind: Call
  start_line: 38
  context: "b = Vector3D(4.0, 5.0, 6.0)"
  receiver: ~
- name: add_vectors
  kind: Call
  start_line: 40
  context: "c = add_vectors(a, b)"
  receiver: ~
- name: normalize
  kind: Call
  start_line: 41
  context: call normalize(c)
  receiver: ~
