---
source: crates/nestweaver-parser/src/parse.rs
expression: "parsed_symbols(\"simple.tf\", &source)"
---
- name: region
  kind: Function
  start_line: 1
  end_line: 1
  signature: "variable \"region\" {"
  content_hash: "0000000000000000000000000000000000000000000000000000000000000000"
  is_entry_point: false
  entry_point_kind: ~
  visibility: Public
  type_info: ~
  parent_name: ~
- name: instance_type
  kind: Function
  start_line: 7
  end_line: 7
  signature: "variable \"instance_type\" {"
  content_hash: "0000000000000000000000000000000000000000000000000000000000000000"
  is_entry_point: false
  entry_point_kind: ~
  visibility: Public
  type_info: ~
  parent_name: ~
- name: aws_ami.ubuntu
  kind: Class
  start_line: 13
  end_line: 13
  signature: "data \"aws_ami\" \"ubuntu\" {"
  content_hash: "0000000000000000000000000000000000000000000000000000000000000000"
  is_entry_point: false
  entry_point_kind: ~
  visibility: Public
  type_info: ~
  parent_name: ~
- name: aws_instance.web
  kind: Class
  start_line: 23
  end_line: 23
  signature: "resource \"aws_instance\" \"web\" {"
  content_hash: "0000000000000000000000000000000000000000000000000000000000000000"
  is_entry_point: false
  entry_point_kind: ~
  visibility: Public
  type_info: ~
  parent_name: ~
- name: aws_security_group.web_sg
  kind: Class
  start_line: 32
  end_line: 32
  signature: "resource \"aws_security_group\" \"web_sg\" {"
  content_hash: "0000000000000000000000000000000000000000000000000000000000000000"
  is_entry_point: false
  entry_point_kind: ~
  visibility: Public
  type_info: ~
  parent_name: ~
- name: vpc
  kind: Module
  start_line: 44
  end_line: 44
  signature: "module \"vpc\" {"
  content_hash: "0000000000000000000000000000000000000000000000000000000000000000"
  is_entry_point: false
  entry_point_kind: ~
  visibility: Public
  type_info: ~
  parent_name: ~
- name: instance_ip
  kind: Function
  start_line: 52
  end_line: 52
  signature: "output \"instance_ip\" {"
  content_hash: "0000000000000000000000000000000000000000000000000000000000000000"
  is_entry_point: false
  entry_point_kind: ~
  visibility: Public
  type_info: ~
  parent_name: ~
- name: vpc_id
  kind: Function
  start_line: 57
  end_line: 57
  signature: "output \"vpc_id\" {"
  content_hash: "0000000000000000000000000000000000000000000000000000000000000000"
  is_entry_point: false
  entry_point_kind: ~
  visibility: Public
  type_info: ~
  parent_name: ~
