---
source: crates/nestweaver-parser/src/parse.rs
expression: "parsed_symbols(\"simple.ex\", &source)"
---
- name: Greeter
  kind: Module
  start_line: 1
  end_line: 21
  signature: defmodule Greeter do
  content_hash: "0000000000000000000000000000000000000000000000000000000000000000"
  is_entry_point: false
  entry_point_kind: ~
  visibility: Public
  type_info: ~
- name: moduledoc
  kind: Constant
  start_line: 2
  end_line: 2
  signature: "@moduledoc \"A simple greeter module\""
  content_hash: "0000000000000000000000000000000000000000000000000000000000000000"
  is_entry_point: false
  entry_point_kind: ~
  visibility: Public
  type_info: ~
- name: greet
  kind: Function
  start_line: 8
  end_line: 10
  signature: def greet(name) do
  content_hash: "0000000000000000000000000000000000000000000000000000000000000000"
  is_entry_point: false
  entry_point_kind: ~
  visibility: Public
  type_info: ~
- name: format_name
  kind: Function
  start_line: 12
  end_line: 14
  signature: defp format_name(name) do
  content_hash: "0000000000000000000000000000000000000000000000000000000000000000"
  is_entry_point: false
  entry_point_kind: ~
  visibility: Private
  type_info: ~
- name: greeting_macro
  kind: Function
  start_line: 16
  end_line: 20
  signature: defmacro greeting_macro(name) do
  content_hash: "0000000000000000000000000000000000000000000000000000000000000000"
  is_entry_point: false
  entry_point_kind: ~
  visibility: Public
  type_info: ~
- name: Greeter.Formatter
  kind: Module
  start_line: 23
  end_line: 27
  signature: defmodule Greeter.Formatter do
  content_hash: "0000000000000000000000000000000000000000000000000000000000000000"
  is_entry_point: false
  entry_point_kind: ~
  visibility: Public
  type_info: ~
- name: format
  kind: Function
  start_line: 24
  end_line: 26
  signature: def format(text) do
  content_hash: "0000000000000000000000000000000000000000000000000000000000000000"
  is_entry_point: false
  entry_point_kind: ~
  visibility: Public
  type_info: ~
