---
source: crates/nestweaver-parser/src/parse.rs
assertion_line: 4087
expression: "parsed_references(\"simple.m\", &source)"
---
- name: Foundation/Foundation.h
  kind: Import
  start_line: 1
  context: "#import <Foundation/Foundation.h>"
  receiver: ~
- name: Greeter.h
  kind: Import
  start_line: 2
  context: "#import \"Greeter.h\""
  receiver: ~
- name: utils.h
  kind: Includes
  start_line: 3
  context: "#include \"utils.h\""
  receiver: ~
- name: init
  kind: Call
  start_line: 16
  context: "self = [super init];"
  receiver: ~
- name: formatName
  kind: Call
  start_line: 24
  context: "NSString *formatted = [self formatName:name];"
  receiver: ~
- name: stringWithFormat
  kind: Call
  start_line: 25
  context: "return [NSString stringWithFormat:@\"%@ %@!\", self.prefix, formatted];"
  receiver: ~
- name: capitalizedString
  kind: Call
  start_line: 29
  context: "return [name capitalizedString];"
  receiver: ~
- name: alloc
  kind: Call
  start_line: 36
  context: "SimpleGreeter *greeter = [[SimpleGreeter alloc] initWithPrefix:@\"Hello\"];"
  receiver: ~
- name: greet
  kind: Call
  start_line: 37
  context: "NSString *result = [greeter greet:@\"world\"];"
  receiver: ~
