---
source: crates/nestweaver-parser/src/parse.rs
expression: "parsed_symbols(\"simple.lua\", &source)"
---
- name: "Greeter:new"
  kind: Method
  start_line: 7
  end_line: 11
  signature: "function Greeter:new(name)"
  content_hash: "0000000000000000000000000000000000000000000000000000000000000000"
  is_entry_point: false
  entry_point_kind: ~
  visibility: Public
  type_info: ~
- name: "Greeter:greet"
  kind: Method
  start_line: 13
  end_line: 15
  signature: "function Greeter:greet()"
  content_hash: "0000000000000000000000000000000000000000000000000000000000000000"
  is_entry_point: false
  entry_point_kind: ~
  visibility: Public
  type_info: ~
- name: format_name
  kind: Function
  start_line: 18
  end_line: 20
  signature: function format_name(name)
  content_hash: "0000000000000000000000000000000000000000000000000000000000000000"
  is_entry_point: false
  entry_point_kind: ~
  visibility: Public
  type_info: ~
- name: helper
  kind: Function
  start_line: 23
  end_line: 25
  signature: local function helper(input)
  content_hash: "0000000000000000000000000000000000000000000000000000000000000000"
  is_entry_point: false
  entry_point_kind: ~
  visibility: Private
  type_info: ~
