---
source: crates/nestweaver-parser/src/parse.rs
assertion_line: 5800
expression: "parsed_symbols(\"simple.cpp\", &source)"
---
- name: SensorManager
  kind: Class
  start_line: 4
  end_line: 10
  signature: "class SensorManager {"
  content_hash: "0000000000000000000000000000000000000000000000000000000000000000"
  is_entry_point: false
  entry_point_kind: ~
  visibility: Public
  type_info: ~
  parent_name: ~
  scope_chain: ~
- name: initialize
  kind: Method
  start_line: 6
  end_line: 6
  signature: void initialize();
  content_hash: "0000000000000000000000000000000000000000000000000000000000000000"
  is_entry_point: false
  entry_point_kind: ~
  visibility: Public
  type_info: ~
  parent_name: ~
  scope_chain: SensorManager
- name: readTemperature
  kind: Method
  start_line: 7
  end_line: 7
  signature: double readTemperature();
  content_hash: "0000000000000000000000000000000000000000000000000000000000000000"
  is_entry_point: false
  entry_point_kind: ~
  visibility: Public
  type_info: ~
  parent_name: ~
  scope_chain: SensorManager
- name: sensorId
  kind: Property
  start_line: 9
  end_line: 9
  signature: int sensorId;
  content_hash: "0000000000000000000000000000000000000000000000000000000000000000"
  is_entry_point: false
  entry_point_kind: ~
  visibility: Public
  type_info: ~
  parent_name: ~
  scope_chain: SensorManager
- name: initialize
  kind: Method
  start_line: 12
  end_line: 14
  signature: "void SensorManager::initialize() {"
  content_hash: "0000000000000000000000000000000000000000000000000000000000000000"
  is_entry_point: false
  entry_point_kind: ~
  visibility: Public
  type_info: ~
  parent_name: ~
  scope_chain: ~
- name: readTemperature
  kind: Method
  start_line: 16
  end_line: 18
  signature: "double SensorManager::readTemperature() {"
  content_hash: "0000000000000000000000000000000000000000000000000000000000000000"
  is_entry_point: false
  entry_point_kind: ~
  visibility: Public
  type_info: ~
  parent_name: ~
  scope_chain: ~
- name: SensorConfig
  kind: Class
  start_line: 20
  end_line: 23
  signature: "struct SensorConfig {"
  content_hash: "0000000000000000000000000000000000000000000000000000000000000000"
  is_entry_point: false
  entry_point_kind: ~
  visibility: Public
  type_info: ~
  parent_name: ~
  scope_chain: ~
- name: pin
  kind: Property
  start_line: 21
  end_line: 21
  signature: int pin;
  content_hash: "0000000000000000000000000000000000000000000000000000000000000000"
  is_entry_point: false
  entry_point_kind: ~
  visibility: Public
  type_info: ~
  parent_name: ~
  scope_chain: SensorConfig
- name: threshold
  kind: Property
  start_line: 22
  end_line: 22
  signature: double threshold;
  content_hash: "0000000000000000000000000000000000000000000000000000000000000000"
  is_entry_point: false
  entry_point_kind: ~
  visibility: Public
  type_info: ~
  parent_name: ~
  scope_chain: SensorConfig
- name: SensorType
  kind: Enum
  start_line: 25
  end_line: 29
  signature: "enum SensorType {"
  content_hash: "0000000000000000000000000000000000000000000000000000000000000000"
  is_entry_point: false
  entry_point_kind: ~
  visibility: Public
  type_info: ~
  parent_name: ~
  scope_chain: ~
- name: TEMPERATURE
  kind: Constant
  start_line: 26
  end_line: 26
  signature: TEMPERATURE
  content_hash: "0000000000000000000000000000000000000000000000000000000000000000"
  is_entry_point: false
  entry_point_kind: ~
  visibility: Public
  type_info: ~
  parent_name: ~
  scope_chain: ~
- name: HUMIDITY
  kind: Constant
  start_line: 27
  end_line: 27
  signature: HUMIDITY
  content_hash: "0000000000000000000000000000000000000000000000000000000000000000"
  is_entry_point: false
  entry_point_kind: ~
  visibility: Public
  type_info: ~
  parent_name: ~
  scope_chain: ~
- name: PRESSURE
  kind: Constant
  start_line: 28
  end_line: 28
  signature: PRESSURE
  content_hash: "0000000000000000000000000000000000000000000000000000000000000000"
  is_entry_point: false
  entry_point_kind: ~
  visibility: Public
  type_info: ~
  parent_name: ~
  scope_chain: ~
- name: setup
  kind: Function
  start_line: 31
  end_line: 36
  signature: "void setup() {"
  content_hash: "0000000000000000000000000000000000000000000000000000000000000000"
  is_entry_point: false
  entry_point_kind: ~
  visibility: Public
  type_info: ~
  parent_name: ~
  scope_chain: ~
- name: temp
  kind: Variable
  start_line: 34
  end_line: 34
  signature: double temp = mgr.readTemperature();
  content_hash: "0000000000000000000000000000000000000000000000000000000000000000"
  is_entry_point: false
  entry_point_kind: ~
  visibility: Public
  type_info: ~
  parent_name: ~
  scope_chain: ~
