---
source: crates/nestweaver-parser/src/parse.rs
expression: "parsed_symbols(\"simple.zig\", &source)"
---
- name: SensorKind
  kind: Enum
  start_line: 4
  end_line: 8
  signature: "pub const SensorKind = enum {"
  content_hash: "0000000000000000000000000000000000000000000000000000000000000000"
  is_entry_point: false
  entry_point_kind: ~
  visibility: Public
  type_info: ~
  parent_name: ~
  scope_chain: ~
- name: SensorConfig
  kind: Class
  start_line: 10
  end_line: 14
  signature: "pub const SensorConfig = struct {"
  content_hash: "0000000000000000000000000000000000000000000000000000000000000000"
  is_entry_point: false
  entry_point_kind: ~
  visibility: Public
  type_info: ~
  parent_name: ~
  scope_chain: ~
- name: InternalState
  kind: Class
  start_line: 16
  end_line: 19
  signature: "const InternalState = union {"
  content_hash: "0000000000000000000000000000000000000000000000000000000000000000"
  is_entry_point: false
  entry_point_kind: ~
  visibility: Private
  type_info: ~
  parent_name: ~
  scope_chain: ~
- name: initialize
  kind: Function
  start_line: 21
  end_line: 24
  signature: "pub fn initialize(config: SensorConfig) void {"
  content_hash: "0000000000000000000000000000000000000000000000000000000000000000"
  is_entry_point: false
  entry_point_kind: ~
  visibility: Public
  type_info: ~
  parent_name: ~
  scope_chain: ~
- name: calibrate
  kind: Function
  start_line: 26
  end_line: 28
  signature: "fn calibrate(config: SensorConfig) void {"
  content_hash: "0000000000000000000000000000000000000000000000000000000000000000"
  is_entry_point: false
  entry_point_kind: ~
  visibility: Private
  type_info: ~
  parent_name: ~
  scope_chain: ~
- name: main
  kind: Function
  start_line: 30
  end_line: 37
  signature: "pub fn main() !void {"
  content_hash: "0000000000000000000000000000000000000000000000000000000000000000"
  is_entry_point: true
  entry_point_kind: Main
  visibility: Public
  type_info: ~
  parent_name: ~
  scope_chain: ~
