---
source: crates/nestweaver-parser/src/parse.rs
assertion_line: 6535
expression: "parsed_references(\"simple.m\", &source)"
---
- name: Foundation/Foundation.h
  kind: Import
  start_line: 1
  context: "#import <Foundation/Foundation.h>"
  receiver: ~
- name: Greeter.h
  kind: Import
  start_line: 2
  context: "#import \"Greeter.h\""
  receiver: ~
- name: utils.h
  kind: Import
  start_line: 3
  context: "#include \"utils.h\""
  receiver: ~
- name: init
  kind: Call
  start_line: 16
  context: "self = [super init]"
  receiver: super
- name: formatName
  kind: Call
  start_line: 24
  context: "*formatted = [self formatName:name]"
  receiver: self
- name: stringWithFormat
  kind: Call
  start_line: 25
  context: "return [NSString stringWithFormat:@\"%@ %@!\", self.prefix, formatted];"
  receiver: NSString
- name: capitalizedString
  kind: Call
  start_line: 29
  context: "return [name capitalizedString];"
  receiver: name
- name: alloc
  kind: Call
  start_line: 36
  context: "[[SimpleGreeter alloc] initWithPrefix:@\"Hello\"]"
  receiver: SimpleGreeter
- name: initWithPrefix
  kind: Call
  start_line: 36
  context: "*greeter = [[SimpleGreeter alloc] initWithPrefix:@\"Hello\"]"
  receiver: "[SimpleGreeter alloc]"
- name: greet
  kind: Call
  start_line: 37
  context: "*result = [greeter greet:@\"world\"]"
  receiver: greeter
- name: NSLog
  kind: Call
  start_line: 38
  context: "NSLog(@\"%@\", result);"
  receiver: ~
