---
source: crates/nestweaver-parser/src/parse.rs
expression: "parsed_symbols(\"simple.vue\", &source)"
---
- name: formatName
  kind: Function
  start_line: 12
  end_line: 12
  signature: "export function formatName(name) {"
  content_hash: "0000000000000000000000000000000000000000000000000000000000000000"
  is_entry_point: false
  entry_point_kind: ~
  visibility: Public
  type_info: ~
- name: simple
  kind: Class
  start_line: 16
  end_line: 16
  signature: "export default defineComponent({"
  content_hash: "0000000000000000000000000000000000000000000000000000000000000000"
  is_entry_point: false
  entry_point_kind: ~
  visibility: Public
  type_info: ~
- name: handleClick
  kind: Function
  start_line: 25
  end_line: 25
  signature: "function handleClick() {"
  content_hash: "0000000000000000000000000000000000000000000000000000000000000000"
  is_entry_point: false
  entry_point_kind: ~
  visibility: Private
  type_info: ~
