---
source: crates/nestweaver-parser/src/parse.rs
assertion_line: 4371
expression: "parsed_symbols(\"simple.jl\", &source)"
---
- name: Greetings
  kind: Module
  start_line: 1
  end_line: 40
  signature: module Greetings
  content_hash: "0000000000000000000000000000000000000000000000000000000000000000"
  is_entry_point: false
  entry_point_kind: ~
  visibility: Inferred
  type_info: ~
  parent_name: ~
- name: LivingThing
  kind: Interface
  start_line: 5
  end_line: 5
  signature: abstract type LivingThing end
  content_hash: "0000000000000000000000000000000000000000000000000000000000000000"
  is_entry_point: false
  entry_point_kind: ~
  visibility: Inferred
  type_info: ~
  parent_name: ~
- name: Counter
  kind: Class
  start_line: 12
  end_line: 14
  signature: mutable struct Counter
  content_hash: "0000000000000000000000000000000000000000000000000000000000000000"
  is_entry_point: false
  entry_point_kind: ~
  visibility: Inferred
  type_info: ~
  parent_name: ~
- name: process
  kind: Function
  start_line: 20
  end_line: 24
  signature: "function process(items::Vector{Int})"
  content_hash: "0000000000000000000000000000000000000000000000000000000000000000"
  is_entry_point: false
  entry_point_kind: ~
  visibility: Inferred
  type_info: ~
  parent_name: ~
- name: log_call
  kind: Function
  start_line: 26
  end_line: 31
  signature: macro log_call(expr)
  content_hash: "0000000000000000000000000000000000000000000000000000000000000000"
  is_entry_point: false
  entry_point_kind: ~
  visibility: Inferred
  type_info: ~
  parent_name: ~
- name: main
  kind: Function
  start_line: 33
  end_line: 38
  signature: function main()
  content_hash: "0000000000000000000000000000000000000000000000000000000000000000"
  is_entry_point: true
  entry_point_kind: Main
  visibility: Inferred
  type_info: ~
  parent_name: ~
- name: Animal
  kind: Function
  start_line: 34
  end_line: 34
  signature: "animal = Animal(\"Dog\", \"Woof\")"
  content_hash: "0000000000000000000000000000000000000000000000000000000000000000"
  is_entry_point: false
  entry_point_kind: ~
  visibility: Inferred
  type_info: ~
  parent_name: ~
- name: greet
  kind: Function
  start_line: 35
  end_line: 35
  signature: greeting = greet(animal.name)
  content_hash: "0000000000000000000000000000000000000000000000000000000000000000"
  is_entry_point: false
  entry_point_kind: ~
  visibility: Inferred
  type_info: ~
  parent_name: ~
