---
source: crates/nestweaver-parser/src/parse.rs
assertion_line: 6353
expression: "parsed_references(\"Simple.cs\", &source)"
---
- name: System
  kind: Uses
  start_line: 1
  context: using System;
  receiver: ~
- name: System.Collections.Generic
  kind: Uses
  start_line: 2
  context: using System.Collections.Generic;
  receiver: ~
- name: IGreeter
  kind: Extends
  start_line: 18
  context: "public class SimpleGreeter : IGreeter"
  receiver: ~
- name: WriteLine
  kind: Call
  start_line: 27
  context: Console.WriteLine(message);
  receiver: Console
- name: Greet
  kind: Call
  start_line: 36
  context: "result = greeter.Greet(\"World\")"
  receiver: greeter
- name: WriteLine
  kind: Call
  start_line: 37
  context: Console.WriteLine(result);
  receiver: Console
