---
source: crates/nestweaver-parser/src/parse.rs
expression: "parsed_references(\"simple.sv\", &source)"
---
- name: common_defs.svh
  kind: Includes
  start_line: 1
  context: "`include \"common_defs.svh\""
  receiver: ~
- name: uvm_pkg
  kind: Import
  start_line: 3
  context: "`include \"common_defs.svh\""
  receiver: ~
- name: BusTransaction
  kind: Import
  start_line: 4
  context: "`include \"common_defs.svh\""
  receiver: ~
- name: bus_pkg
  kind: Import
  start_line: 4
  context: "`include \"common_defs.svh\""
  receiver: ~
- name: sub_module
  kind: Call
  start_line: 25
  context: "module top_module #("
  receiver: ~
- name: base_packet
  kind: Extends
  start_line: 45
  context: "`include \"common_defs.svh\""
  receiver: ~
