---
source: crates/nestweaver-parser/src/parse.rs
expression: "parsed_symbols(\"simple.m\", &source)"
---
- name: GreeterProtocol
  kind: Interface
  start_line: 5
  end_line: 7
  signature: "@protocol GreeterProtocol"
  content_hash: "0000000000000000000000000000000000000000000000000000000000000000"
  is_entry_point: false
  entry_point_kind: ~
  visibility: Public
  type_info: ~
  parent_name: ~
  scope_chain: ~
- name: greet
  kind: Method
  start_line: 6
  end_line: 6
  signature: "- (NSString *)greet:(NSString *)name;"
  content_hash: "0000000000000000000000000000000000000000000000000000000000000000"
  is_entry_point: false
  entry_point_kind: ~
  visibility: Public
  type_info: ~
  parent_name: ~
  scope_chain: GreeterProtocol
- name: NSObject
  kind: Interface
  start_line: 9
  end_line: 11
  signature: "@interface SimpleGreeter : NSObject <GreeterProtocol>"
  content_hash: "0000000000000000000000000000000000000000000000000000000000000000"
  is_entry_point: false
  entry_point_kind: ~
  visibility: Public
  type_info: ~
  parent_name: ~
  scope_chain: ~
- name: SimpleGreeter
  kind: Interface
  start_line: 9
  end_line: 11
  signature: "@interface SimpleGreeter : NSObject <GreeterProtocol>"
  content_hash: "0000000000000000000000000000000000000000000000000000000000000000"
  is_entry_point: false
  entry_point_kind: ~
  visibility: Public
  type_info: ~
  parent_name: ~
  scope_chain: ~
- name: SimpleGreeter
  kind: Class
  start_line: 13
  end_line: 32
  signature: "@implementation SimpleGreeter"
  content_hash: "0000000000000000000000000000000000000000000000000000000000000000"
  is_entry_point: false
  entry_point_kind: ~
  visibility: Public
  type_info: ~
  parent_name: ~
  scope_chain: ~
- name: initWithPrefix
  kind: Method
  start_line: 15
  end_line: 21
  signature: "- (instancetype)initWithPrefix:(NSString *)prefix {"
  content_hash: "0000000000000000000000000000000000000000000000000000000000000000"
  is_entry_point: false
  entry_point_kind: ~
  visibility: Public
  type_info: ~
  parent_name: ~
  scope_chain: SimpleGreeter
- name: greet
  kind: Method
  start_line: 23
  end_line: 26
  signature: "- (NSString *)greet:(NSString *)name {"
  content_hash: "0000000000000000000000000000000000000000000000000000000000000000"
  is_entry_point: false
  entry_point_kind: ~
  visibility: Public
  type_info: ~
  parent_name: ~
  scope_chain: SimpleGreeter
- name: formatName
  kind: Method
  start_line: 28
  end_line: 30
  signature: "- (NSString *)formatName:(NSString *)name {"
  content_hash: "0000000000000000000000000000000000000000000000000000000000000000"
  is_entry_point: false
  entry_point_kind: ~
  visibility: Public
  type_info: ~
  parent_name: ~
  scope_chain: SimpleGreeter
- name: main
  kind: Function
  start_line: 34
  end_line: 41
  signature: "int main(int argc, const char *argv[]) {"
  content_hash: "0000000000000000000000000000000000000000000000000000000000000000"
  is_entry_point: true
  entry_point_kind: Main
  visibility: Public
  type_info: ~
  parent_name: ~
  scope_chain: ~
