---
source: crates/nestweaver-parser/src/parse.rs
expression: "parsed_symbols(\"Simple.cs\", &source)"
---
- name: MyApp.Models
  kind: Module
  start_line: 4
  end_line: 40
  signature: namespace MyApp.Models
  content_hash: "0000000000000000000000000000000000000000000000000000000000000000"
  is_entry_point: false
  entry_point_kind: ~
  visibility: Inferred
  type_info: ~
  parent_name: ~
- name: IGreeter
  kind: Interface
  start_line: 6
  end_line: 9
  signature: public interface IGreeter
  content_hash: "0000000000000000000000000000000000000000000000000000000000000000"
  is_entry_point: false
  entry_point_kind: ~
  visibility: Public
  type_info: ~
  parent_name: ~
- name: Greet
  kind: Method
  start_line: 8
  end_line: 8
  signature: string Greet(string name);
  content_hash: "0000000000000000000000000000000000000000000000000000000000000000"
  is_entry_point: false
  entry_point_kind: ~
  visibility: Inferred
  type_info:
    declared_type: ~
    parameter_types: []
    return_type: string
  parent_name: IGreeter
- name: Priority
  kind: Enum
  start_line: 11
  end_line: 16
  signature: public enum Priority
  content_hash: "0000000000000000000000000000000000000000000000000000000000000000"
  is_entry_point: false
  entry_point_kind: ~
  visibility: Public
  type_info: ~
  parent_name: ~
- name: Low
  kind: Constant
  start_line: 13
  end_line: 13
  signature: Low
  content_hash: "0000000000000000000000000000000000000000000000000000000000000000"
  is_entry_point: false
  entry_point_kind: ~
  visibility: Inferred
  type_info: ~
  parent_name: ~
- name: Medium
  kind: Constant
  start_line: 14
  end_line: 14
  signature: Medium
  content_hash: "0000000000000000000000000000000000000000000000000000000000000000"
  is_entry_point: false
  entry_point_kind: ~
  visibility: Inferred
  type_info: ~
  parent_name: ~
- name: High
  kind: Constant
  start_line: 15
  end_line: 15
  signature: High
  content_hash: "0000000000000000000000000000000000000000000000000000000000000000"
  is_entry_point: false
  entry_point_kind: ~
  visibility: Inferred
  type_info: ~
  parent_name: ~
- name: SimpleGreeter
  kind: Class
  start_line: 18
  end_line: 29
  signature: "public class SimpleGreeter : IGreeter"
  content_hash: "0000000000000000000000000000000000000000000000000000000000000000"
  is_entry_point: false
  entry_point_kind: ~
  visibility: Public
  type_info: ~
  parent_name: ~
- name: Greet
  kind: Method
  start_line: 20
  end_line: 23
  signature: public string Greet(string name)
  content_hash: "0000000000000000000000000000000000000000000000000000000000000000"
  is_entry_point: false
  entry_point_kind: ~
  visibility: Public
  type_info:
    declared_type: ~
    parameter_types: []
    return_type: string
  parent_name: SimpleGreeter
- name: LogGreeting
  kind: Method
  start_line: 25
  end_line: 28
  signature: private void LogGreeting(string message)
  content_hash: "0000000000000000000000000000000000000000000000000000000000000000"
  is_entry_point: false
  entry_point_kind: ~
  visibility: Private
  type_info:
    declared_type: ~
    parameter_types: []
    return_type: void
  parent_name: SimpleGreeter
- name: Program
  kind: Class
  start_line: 31
  end_line: 39
  signature: public static class Program
  content_hash: "0000000000000000000000000000000000000000000000000000000000000000"
  is_entry_point: false
  entry_point_kind: ~
  visibility: Public
  type_info: ~
  parent_name: ~
- name: Main
  kind: Method
  start_line: 33
  end_line: 38
  signature: "public static void Main(string[] args)"
  content_hash: "0000000000000000000000000000000000000000000000000000000000000000"
  is_entry_point: true
  entry_point_kind: Main
  visibility: Public
  type_info:
    declared_type: ~
    parameter_types: []
    return_type: void
  parent_name: Program
