---
source: crates/nestweaver-parser/src/parse.rs
assertion_line: 3919
expression: "parsed_references(\"simple.dart\", &source)"
---
- name: "package:flutter/material.dart"
  kind: Import
  start_line: 1
  context: "import 'package:flutter/material.dart';"
  receiver: ~
- name: helper.dart
  kind: Import
  start_line: 2
  context: "import 'helper.dart';"
  receiver: ~
- name: print
  kind: Call
  start_line: 10
  context: print(message);
  receiver: ~
- name: Greeter
  kind: Extends
  start_line: 14
  context: "class SimpleGreeter extends Greeter with Loggable {"
  receiver: ~
- name: Loggable
  kind: Implements
  start_line: 14
  context: extends Greeter with Loggable
  receiver: ~
- name: log
  kind: Call
  start_line: 17
  context: "log('Greeting $name');"
  receiver: ~
- name: toUpperCase
  kind: Call
  start_line: 22
  context: return name.toUpperCase();
  receiver: name
- name: SimpleGreeter
  kind: Call
  start_line: 29
  context: final greeter = SimpleGreeter()
  receiver: ~
- name: greet
  kind: Call
  start_line: 30
  context: "final result = greeter.greet('World')"
  receiver: greeter
- name: print
  kind: Call
  start_line: 31
  context: print(result);
  receiver: ~
- name: assist
  kind: Call
  start_line: 32
  context: assist();
  receiver: ~
