---
source: crates/nestweaver-parser/src/parse.rs
expression: "parsed_symbols(\"simple.f90\", &source)"
---
- name: math_utils
  kind: Module
  start_line: 1
  end_line: 1
  signature: module math_utils
  content_hash: "0000000000000000000000000000000000000000000000000000000000000000"
  is_entry_point: false
  entry_point_kind: ~
  visibility: Public
  type_info: ~
- name: Vector3D
  kind: Class
  start_line: 4
  end_line: 4
  signature: "type :: Vector3D"
  content_hash: "0000000000000000000000000000000000000000000000000000000000000000"
  is_entry_point: false
  entry_point_kind: ~
  visibility: Public
  type_info: ~
- name: add_vectors
  kind: Function
  start_line: 10
  end_line: 10
  signature: "function add_vectors(a, b) result(c)"
  content_hash: "0000000000000000000000000000000000000000000000000000000000000000"
  is_entry_point: false
  entry_point_kind: ~
  visibility: Public
  type_info: ~
- name: normalize
  kind: Function
  start_line: 18
  end_line: 18
  signature: subroutine normalize(v)
  content_hash: "0000000000000000000000000000000000000000000000000000000000000000"
  is_entry_point: false
  entry_point_kind: ~
  visibility: Public
  type_info: ~
- name: main
  kind: Module
  start_line: 31
  end_line: 31
  signature: program main
  content_hash: "0000000000000000000000000000000000000000000000000000000000000000"
  is_entry_point: true
  entry_point_kind: Main
  visibility: Public
  type_info: ~
