---
source: crates/nestweaver-parser/src/parse.rs
assertion_line: 2600
expression: "parsed_symbols(\"simple.pas\", &source)"
---
- name: Greeter
  kind: Module
  start_line: 1
  signature: unit Greeter;
  content_hash: "0000000000000000000000000000000000000000000000000000000000000000"
  is_entry_point: false
  entry_point_kind: ~
  visibility: Public
  type_info: ~
- name: TAnimal
  kind: Class
  start_line: 8
  signature: TAnimal = class
  content_hash: "0000000000000000000000000000000000000000000000000000000000000000"
  is_entry_point: false
  entry_point_kind: ~
  visibility: Public
  type_info: ~
- name: Create
  kind: Method
  start_line: 13
  signature: "constructor Create(AName, ASound: string);"
  content_hash: "0000000000000000000000000000000000000000000000000000000000000000"
  is_entry_point: false
  entry_point_kind: ~
  visibility: Public
  type_info: ~
- name: Speak
  kind: Function
  start_line: 14
  signature: "function Speak: string;"
  content_hash: "0000000000000000000000000000000000000000000000000000000000000000"
  is_entry_point: false
  entry_point_kind: ~
  visibility: Public
  type_info: ~
- name: TDog
  kind: Class
  start_line: 18
  signature: TDog = class(TAnimal)
  content_hash: "0000000000000000000000000000000000000000000000000000000000000000"
  is_entry_point: false
  entry_point_kind: ~
  visibility: Public
  type_info: ~
- name: Create
  kind: Method
  start_line: 20
  signature: "constructor Create(AName: string);"
  content_hash: "0000000000000000000000000000000000000000000000000000000000000000"
  is_entry_point: false
  entry_point_kind: ~
  visibility: Public
  type_info: ~
- name: PrintGreeting
  kind: Function
  start_line: 23
  signature: "procedure PrintGreeting(const Name: string);"
  content_hash: "0000000000000000000000000000000000000000000000000000000000000000"
  is_entry_point: false
  entry_point_kind: ~
  visibility: Public
  type_info: ~
- name: FormatName
  kind: Function
  start_line: 24
  signature: "function FormatName(const First, Last: string): string;"
  content_hash: "0000000000000000000000000000000000000000000000000000000000000000"
  is_entry_point: false
  entry_point_kind: ~
  visibility: Public
  type_info: ~
- name: Create
  kind: Method
  start_line: 28
  signature: "constructor TAnimal.Create(AName, ASound: string);"
  content_hash: "0000000000000000000000000000000000000000000000000000000000000000"
  is_entry_point: false
  entry_point_kind: ~
  visibility: Public
  type_info: ~
- name: Speak
  kind: Method
  start_line: 34
  signature: "function TAnimal.Speak: string;"
  content_hash: "0000000000000000000000000000000000000000000000000000000000000000"
  is_entry_point: false
  entry_point_kind: ~
  visibility: Public
  type_info: ~
- name: Create
  kind: Method
  start_line: 39
  signature: "constructor TDog.Create(AName: string);"
  content_hash: "0000000000000000000000000000000000000000000000000000000000000000"
  is_entry_point: false
  entry_point_kind: ~
  visibility: Public
  type_info: ~
- name: PrintGreeting
  kind: Function
  start_line: 44
  signature: "procedure PrintGreeting(const Name: string);"
  content_hash: "0000000000000000000000000000000000000000000000000000000000000000"
  is_entry_point: false
  entry_point_kind: ~
  visibility: Public
  type_info: ~
- name: FormatName
  kind: Function
  start_line: 49
  signature: "function FormatName(const First, Last: string): string;"
  content_hash: "0000000000000000000000000000000000000000000000000000000000000000"
  is_entry_point: false
  entry_point_kind: ~
  visibility: Public
  type_info: ~
