---
source: crates/nestweaver-parser/src/parse.rs
expression: "parsed_symbols(\"simple.pas\", &source)"
---
- name: Greeter
  kind: Module
  start_line: 1
  end_line: 54
  signature: unit Greeter;
  content_hash: "0000000000000000000000000000000000000000000000000000000000000000"
  is_entry_point: false
  entry_point_kind: ~
  visibility: Public
  type_info: ~
  parent_name: ~
  scope_chain: ~
- name: FormatName
  kind: Function
  start_line: 3
  end_line: 24
  signature: interface
  content_hash: "0000000000000000000000000000000000000000000000000000000000000000"
  is_entry_point: false
  entry_point_kind: ~
  visibility: Public
  type_info: ~
  parent_name: ~
  scope_chain: ~
- name: PrintGreeting
  kind: Function
  start_line: 3
  end_line: 24
  signature: interface
  content_hash: "0000000000000000000000000000000000000000000000000000000000000000"
  is_entry_point: false
  entry_point_kind: ~
  visibility: Public
  type_info: ~
  parent_name: ~
  scope_chain: ~
- name: TAnimal
  kind: Class
  start_line: 8
  end_line: 16
  signature: TAnimal = class
  content_hash: "0000000000000000000000000000000000000000000000000000000000000000"
  is_entry_point: false
  entry_point_kind: ~
  visibility: Public
  type_info: ~
  parent_name: ~
  scope_chain: ~
- name: TDog
  kind: Class
  start_line: 18
  end_line: 21
  signature: TDog = class(TAnimal)
  content_hash: "0000000000000000000000000000000000000000000000000000000000000000"
  is_entry_point: false
  entry_point_kind: ~
  visibility: Public
  type_info: ~
  parent_name: ~
  scope_chain: ~
- name: Create
  kind: Method
  start_line: 28
  end_line: 32
  signature: "constructor TAnimal.Create(AName, ASound: string);"
  content_hash: "0000000000000000000000000000000000000000000000000000000000000000"
  is_entry_point: false
  entry_point_kind: ~
  visibility: Public
  type_info: ~
  parent_name: ~
  scope_chain: ~
- name: Speak
  kind: Method
  start_line: 34
  end_line: 37
  signature: "function TAnimal.Speak: string;"
  content_hash: "0000000000000000000000000000000000000000000000000000000000000000"
  is_entry_point: false
  entry_point_kind: ~
  visibility: Public
  type_info: ~
  parent_name: ~
  scope_chain: ~
- name: Create
  kind: Method
  start_line: 39
  end_line: 42
  signature: "constructor TDog.Create(AName: string);"
  content_hash: "0000000000000000000000000000000000000000000000000000000000000000"
  is_entry_point: false
  entry_point_kind: ~
  visibility: Public
  type_info: ~
  parent_name: ~
  scope_chain: ~
- name: PrintGreeting
  kind: Function
  start_line: 44
  end_line: 47
  signature: "procedure PrintGreeting(const Name: string);"
  content_hash: "0000000000000000000000000000000000000000000000000000000000000000"
  is_entry_point: false
  entry_point_kind: ~
  visibility: Public
  type_info: ~
  parent_name: ~
  scope_chain: ~
- name: FormatName
  kind: Function
  start_line: 49
  end_line: 52
  signature: "function FormatName(const First, Last: string): string;"
  content_hash: "0000000000000000000000000000000000000000000000000000000000000000"
  is_entry_point: false
  entry_point_kind: ~
  visibility: Public
  type_info: ~
  parent_name: ~
  scope_chain: ~
